../Core/Src/BOOT_PROCESS.c:112:6:PROCESS_INIT	4	static
../Core/Src/BOOT_PROCESS.c:143:6:PROCESS_GET_CMD	8	static
../Core/Src/BOOT_PROCESS.c:178:6:PROCESS_FLASH_UNLOCK_CMD	8	static
../Core/Src/BOOT_PROCESS.c:197:6:PROCESS_FLASH_LOCK_CMD	8	static
../Core/Src/BOOT_PROCESS.c:217:6:PROCESS_FLASH_PROG_CMD	24	static
../Core/Src/BOOT_PROCESS.c:245:6:PROCESS_FLASH_READ_CMD	16	static
../Core/Src/BOOT_PROCESS.c:268:6:PROCESS_FLASH_ERASE_CMD	32	static
../Core/Src/BOOT_PROCESS.c:303:6:PROCESS_FLASH_MASS_ERASE_CMD	32	static
../Core/Src/BOOT_PROCESS.c:336:6:PROCESS_FLASH_CPY_CMD	24	static
../Core/Src/BOOT_PROCESS.c:363:6:PROCESS_OB_UNLOCK_CMD	8	static
../Core/Src/BOOT_PROCESS.c:385:6:PROCESS_OB_LOCK_CMD	8	static
../Core/Src/BOOT_PROCESS.c:407:6:PROCESS_OB_READ_CMD	8	static
../Core/Src/BOOT_PROCESS.c:423:6:PROCESS_WR_PROTECT_CMD	40	static
../Core/Src/BOOT_PROCESS.c:447:6:PROCESS_WR_UNPROTECT_CMD	40	static
../Core/Src/BOOT_PROCESS.c:473:6:PROCESS_TRANSFER_CNTRL_CMD	16	static
../Core/Src/BOOT_PROCESS.c:495:13:SEND_ACK	8	static
../Core/Src/BOOT_PROCESS.c:514:13:SEND_NACK	16	static
