../Core/Src/flash_cntrl.c:113:6:Flash_Init	4	static
../Core/Src/flash_cntrl.c:134:25:Flash_Errors_Check	16	static
../Core/Src/flash_cntrl.c:195:7:Flash_Lock	4	static
../Core/Src/flash_cntrl.c:215:7:Flash_Unlock	4	static
../Core/Src/flash_cntrl.c:230:18:Flash_Write	32	static
../Core/Src/flash_cntrl.c:267:7:Flash_Read	32	static
../Core/Src/flash_cntrl.c:281:18:Flash_erase	16	static
../Core/Src/flash_cntrl.c:316:18:Flash_WRP_Enable	16	static
../Core/Src/flash_cntrl.c:346:18:Flash_WRP_Desable	16	static
../Core/Src/flash_cntrl.c:379:18:Flash_Get_Protection	16	static
../Core/Src/flash_cntrl.c:408:18:Flash_OB_Unlock	8	static
../Core/Src/flash_cntrl.c:426:18:Flash_OB_Lock	8	static
